npm warn Unknown env config "http-proxy". This will stop working in the next major version of npm.

> skybreak-flight-combat@2.0.0-rc.1 build
> node scripts/build-public.mjs && vite build && node scripts/validate-site.mjs && node scripts/record-build.mjs

Generated 6 independent public pages; production canonical metadata. Draft policies remain noindex.
vite v6.1.0 building for production...
Configured explicit production security headers. Host TLS/redirect/HSTS must be verified after deployment.
transforming...
✓ 159 modules transformed.
rendering chunks...
computing gzip size...
dist/index.html                       3.22 kB │ gzip:   1.23 kB
dist/assets/index-DBjPbuTu.css      100.48 kB │ gzip:  21.28 kB
dist/assets/browser-CQfvP_Zi.js      25.82 kB │ gzip:  10.14 kB
dist/assets/GLTFLoader-BVZoTrus.js   43.91 kB │ gzip:  12.93 kB
dist/assets/Atlas-CnNjymSb.js       248.72 kB │ gzip:  93.34 kB
dist/assets/three-DU3I6XFl.js       568.03 kB │ gzip: 145.43 kB
dist/assets/index-4WKTdnOk.js       593.95 kB │ gzip: 191.70 kB

(!) Some chunks are larger than 500 kB after minification. Consider:
- Using dynamic import() to code-split the application
- Use build.rollupOptions.output.manualChunks to improve chunking: https://rollupjs.org/configuration-options/#output-manualchunks
- Adjust chunk size limit for this warning via build.chunkSizeWarningLimit.
✓ built in 5.84s
Static validation passed: 7 pages, local targets/fragments, IDs, metadata and 1200×630 social image. Browser accessibility/layout still needs verification.
Build recorded: 154 public inputs, 26 assets; source 19938fdfd099a10a0dbe5bde8aafe78f174857853a9fecfb491079e26887ff9d
