npm warn Unknown env config "http-proxy". This will stop working in the next major version of npm.

> skybreak-flight-combat@1.0.0 build
> node scripts/build-public.mjs && vite build && node scripts/validate-site.mjs

Generated 6 independent public pages; production canonical metadata. Draft policies remain noindex.
vite v6.1.0 building for production...
Configured explicit production security headers. Host TLS/redirect/HSTS must be verified after deployment.
transforming...
✓ 73 modules transformed.
rendering chunks...
computing gzip size...
dist/index.html                       3.22 kB │ gzip:   1.23 kB
dist/assets/index-DWrbpz_P.css       80.69 kB │ gzip:  17.54 kB
dist/assets/GLTFLoader-BSHM0onQ.js   43.91 kB │ gzip:  12.92 kB
dist/assets/Atlas-Bpi05zqL.js       248.72 kB │ gzip:  93.34 kB
dist/assets/index-4mr_KAIL.js       386.92 kB │ gzip: 122.38 kB
dist/assets/three-C4XpXg5d.js       565.55 kB │ gzip: 144.77 kB

(!) Some chunks are larger than 500 kB after minification. Consider:
- Using dynamic import() to code-split the application
- Use build.rollupOptions.output.manualChunks to improve chunking: https://rollupjs.org/configuration-options/#output-manualchunks
- Adjust chunk size limit for this warning via build.chunkSizeWarningLimit.
✓ built in 1.64s
Static validation passed: 7 pages, local targets/fragments, IDs, metadata and 1200×630 social image. Browser accessibility/layout still needs verification.
